Starting a Gradle Daemon (subsequent builds will be faster)
Configuration on demand is an incubating feature.

> Task :initializeIntellijPlatformPlugin
[org.jetbrains.intellij.platform] IntelliJ Platform Gradle Plugin is outdated: 2.5.0. Update `org.jetbrains.intellij.platform` to: 2.16.0

> Task :patchPluginXml UP-TO-DATE
> Task :generateManifest UP-TO-DATE
> Task :checkKotlinGradlePluginConfigurationErrors SKIPPED
> Task :compileKotlin NO-SOURCE

> Task :compileJava
.\gradlew.bat : Note: C:\Pandiyan\Workspace\GenAI\claude_plugins\intellij-plugin-claude-ij\src\main\kotlin\com\cts\plugin\intellij\loc\listeners\Co
pilotKeepAllMouseListener.java uses or overrides a deprecated API.
At line:1 char:76
+ ... ns\intellij-plugin-claude-ij"; .\gradlew.bat buildPlugin 2>&1 | Tee-O ...
+                                    ~~~~~~~~~~~~~~~~~~~~~~~~~~~~~~
    + CategoryInfo          : NotSpecified: (Note: C:\Pandiy...deprecated API.:String) [], RemoteException
    + FullyQualifiedErrorId : NativeCommandError
 
Note: Recompile with -Xlint:deprecation for details.

> Task :processResources UP-TO-DATE
> Task :classes
> Task :instrumentCode
> Task :jar
> Task :instrumentedJar
> Task :composedJar
> Task :prepareSandbox
> Task :buildSearchableOptions UP-TO-DATE
> Task :prepareJarSearchableOptions
> Task :jarSearchableOptions UP-TO-DATE
> Task :buildPlugin

[Incubating] Problems report is available at: file:///C:/Pandiyan/Workspace/GenAI/claude_plugins/intellij-plugin-claude-ij/build/reports/problems/problems-report.html

BUILD SUCCESSFUL in 2m 9s
14 actionable tasks: 9 executed, 5 up-to-date
